// Jest Snapshot v1, https://goo.gl/fbAQLP

exports[`HomePage should render the HomePage Component correctly 1`] = `ShallowWrapper {}`;
