// Jest Snapshot v1, https://goo.gl/fbAQLP

exports[`Page should render the Page Component correctly 1`] = `ShallowWrapper {}`;
